// Jest Snapshot v1, https://goo.gl/fbAQLP

exports[`it should match the snapshot 1`] = `
<DocumentFragment>
  <form
    class="form"
  >
    <div
      class="row"
    >
      <div
        class="mb-3 col-6 center"
      >
        <label
          for="q"
        >
          Keyword Search
        </label>
        <input
          class="form-control"
          id="q"
          name="q"
          value=""
        />
      </div>
      <div
        class="mb-3 col-6 center"
      >
        <label
          for="region"
        >
          Region
        </label>
        <select
          class="form-control"
          id="region"
          name="region"
        >
          <option
            value=""
          >
            --
          </option>
          <option
            value="AL"
          >
            Alabama
          </option>
          <option
            value="AK"
          >
            Alaska
          </option>
          <option
            value="AZ"
          >
            Arizona
          </option>
          <option
            value="AR"
          >
            Arkansas
          </option>
          <option
            value="CA"
          >
            California
          </option>
          <option
            value="CO"
          >
            Colorado
          </option>
          <option
            value="CT"
          >
            Connecticut
          </option>
          <option
            value="DC"
          >
            D.C.
          </option>
          <option
            value="DE"
          >
            Delaware
          </option>
          <option
            value="FL"
          >
            Floria
          </option>
          <option
            value="GA"
          >
            Georgia
          </option>
          <option
            value="HI"
          >
            Hawaii
          </option>
          <option
            value="ID"
          >
            Idaho
          </option>
          <option
            value="IL"
          >
            Illinois
          </option>
          <option
            value="IN"
          >
            Indiana
          </option>
          <option
            value="IA"
          >
            Iowa
          </option>
          <option
            value="KS"
          >
            Kansas
          </option>
          <option
            value="LA"
          >
            Louisiana
          </option>
          <option
            value="ME"
          >
            Maine
          </option>
          <option
            value="MD"
          >
            Maryland
          </option>
          <option
            value="MD"
          >
            Maryland
          </option>
          <option
            value="MA"
          >
            Massachusetts
          </option>
          <option
            value="MI"
          >
            Michigan
          </option>
          <option
            value="MN"
          >
            Minnesota
          </option>
          <option
            value="MS"
          >
            Mississippi
          </option>
          <option
            value="MO"
          >
            Missouri
          </option>
          <option
            value="MT"
          >
            Montana
          </option>
          <option
            value="NE"
          >
            Nebraska
          </option>
          <option
            value="NV"
          >
            Nevada
          </option>
          <option
            value="NJ"
          >
            New Jersey
          </option>
          <option
            value="NM"
          >
            New Mexico
          </option>
          <option
            value="NY"
          >
            New York
          </option>
          <option
            value="NC"
          >
            North Carolina
          </option>
          <option
            value="ND"
          >
            North Dakota
          </option>
          <option
            value="OH"
          >
            Ohio
          </option>
          <option
            value="OK"
          >
            Oklahoma
          </option>
          <option
            value="OR"
          >
            Oregon
          </option>
          <option
            value="PA"
          >
            Pennsylvania
          </option>
          <option
            value="RI"
          >
            Rhode Island
          </option>
          <option
            value="SC"
          >
            South Carolina
          </option>
          <option
            value="SD"
          >
            South Dakota
          </option>
          <option
            value="TN"
          >
            Tennessee
          </option>
          <option
            value="TX"
          >
            Texas
          </option>
          <option
            value="UT"
          >
            Utah
          </option>
          <option
            value="VT"
          >
            Vermont
          </option>
          <option
            value="VA"
          >
            Virginia
          </option>
          <option
            value="WA"
          >
            Washington
          </option>
          <option
            value="WV"
          >
            West Virginia
          </option>
          <option
            value="WI"
          >
            Wisconsin
          </option>
          <option
            value="WY"
          >
            Wyoming
          </option>
        </select>
      </div>
      <div
        class="mb-3 col-6 center"
      >
        <label
          for="postal_code"
        >
          ZIP Code
        </label>
        <input
          class="form-control"
          id="postal_code"
          name="postal_code"
          value=""
        />
      </div>
      <div
        class="mb-3 col-6 center"
      >
        <label
          for="cause_id"
        >
          Cause
        </label>
        <select
          class="form-select"
          id="cause_id"
          name="cause_id"
        >
          <option
            value=""
          >
            --
          </option>
          <option
            value="2"
          >
            Animals
          </option>
          <option
            value="3"
          >
            Education
          </option>
          <option
            value="4"
          >
            Environment
          </option>
          <option
            value="5"
          >
            Health Care
          </option>
          <option
            value="6"
          >
            Diseases & Disorders
          </option>
          <option
            value="7"
          >
            Food & Nutrition
          </option>
          <option
            value="8"
          >
            Crime & Justice
          </option>
          <option
            value="9"
          >
            Disaster Relief
          </option>
          <option
            value="10"
          >
            International
          </option>
          <option
            value="11"
          >
            Civil Rights & Social Action
          </option>
          <option
            value="12"
          >
            Mental Health
          </option>
          <option
            value="13"
          >
            Military & Veterans
          </option>
          <option
            value="14"
          >
            Arts & Culture
          </option>
          <option
            value="16"
          >
            Medical Research
          </option>
          <option
            value="17"
          >
            Employment
          </option>
          <option
            value="18"
          >
            Housing & Shelter
          </option>
          <option
            value="19"
          >
            Sports & Recreation
          </option>
          <option
            value="21"
          >
            Youth Development
          </option>
          <option
            value="22"
          >
            Human Services
          </option>
          <option
            value="28"
          >
            Cancer
          </option>
          <option
            value="29"
          >
            HIV/AIDS
          </option>
          <option
            value="30"
          >
            Alzheimer's Disease
          </option>
          <option
            value="31"
          >
            Autism
          </option>
          <option
            value="48"
          >
            LGBTQIA
          </option>
          <option
            value="49"
          >
            Humanitarian Assistance
          </option>
          <option
            value="52"
          >
            Women and Girls
          </option>
        </select>
      </div>
    </div>
    <button
      class="btn btn-secondary"
    >
      Search
    </button>
  </form>
</DocumentFragment>
`;
